Change Dir: 'G:/SimCraft/build'

Run Build Command(s): "C:/Program Files/Microsoft Visual Studio/2022/Community/MSBuild/Current/Bin/amd64/MSBuild.exe" ALL_BUILD.vcxproj /p:Configuration=Release /p:Platform=x64 /p:VisualStudioVersion=17.0 /v:n
适用于 .NET Framework MSBuild 版本 17.14.23+b0019275e
MSBUILD : error MSB1009: 项目文件不存在。
开关:ALL_BUILD.vcxproj

